A		144.160.155.43	att.com. my.atttest.com.
A		144.160.36.42	att.com. my.atttest.com.
AAAA		2001:1890:1c00:3113::f:3005
AAAA		2001:1890:1c00:5112::f:1008
