RRSIG		A 5 2 120 20191009174155 20191002143655 8970 comcast.com. ytmwFttf7+3TnwBLKRzzEdDDZSBstxz3GUWcsDppdPGRcPJY/dntlNTl9JdKw6Hkbg/HxcSlqPlzJrBp2FI7m60QEMs8amwUzDLKSxf7iTDUDlPOan+gx3IMTPr5F7R03X/UFeXLCXCx5uAfitFdlR18Cydpo0ye8KZm3Fr0704=
RRSIG		DNSKEY 5 2 3600 20191009174155 20191002143655 8970 comcast.com. 1oHBpeZClp8sIIMUSeVDrN4Ur+5o53hRMGgYHPS8TAwFD5CiF7C30FbWy3SQ5F1XChedHmbG8kk8ybkZ9Ecn623vbRCfatdxdRobDD3HCzsC0j1p3AfsP6BI3OWLpe5d8cV5JfvEI6Uyf3pZ1GzPhgvO+yfUygXZVpvlK9v9srQ=
RRSIG		DNSKEY 5 2 3600 20200102144155 20190904104155 35356 comcast.com. pNQWYgK2kjvjxymCBCC4G0LZJajXPFDj5j7NRGMI/qqS+xTv8dhsPB6a39Qqv1JNImnDzvsXkwVM2O3ieqE4dKxjfiBULtE33x96U1xpdEQ76gt+09hQa+sRyIHzR9scjB58KQ6Lr15KxqdvPNOk/94AEdMTHH6pMKSPzzHxymW4X5R3S1pGxP5wCmz/cqzpnX6bfS5CklroP/mjCVBQZRNHKu8eO8hvvyew0HlsaceDRYbyW9B0WzYFOqmXZuQtccWpHGfHMPpynGtXUgLmRXfsGNcZJ241pPrSqt4hG6wF26+HGtZYXYUYmaLZcJljke7jk4IMnr5BhJzK72DMYg==
RRSIG		MX 5 2 300 20191009174155 20191002143655 8970 comcast.com. FA7lFqJZAy1nT99oTr+/dby1Q3RvWs6gYllX4ZEG6bqjxiL7D1xUU1dNMBzSvf61usQBSLbhsBkrSj54e51fyNyXvDEbmFJDp2sMfRZU3CsBaK6iXFJIKRxsOwrFzRaHUZCWD249PpK+XiiRcVhPY5ymlS/cobVhTwSEWQ2Ut48=
RRSIG		NS 5 2 7200 20191009174155 20191002143655 8970 comcast.com. jov+jK6pwe+cdugin0DpTcLajD14T2+lmF3PVeDQgBS5OBf+iAgCimKc8bq5dpPMKW6rajPXq+IbhlL8a6ouCslAY8e1m8pAY0zrMEHeMra8Gi+xBTJZn19tDLnZWt667zo1DAP0ds0CI+blE6/TdLWYrraoUUsoRHz2DqY90yU=
RRSIG		NSEC 5 2 3600 20191009174155 20191002143655 8970 comcast.com. fyo0CnX8R5ZGCDsYJJzA4ZVA5dpgLRwHFEjWxpsmegJmYsGtW+wFsX02W7ZpystakWgTttb6CT+9+O61QadMD+raPwc2qE48JhQEh4pp3N9i+3oJUIJuD0kwJypH5MXMCcfKBZSspiRW/TDUY78DjZp2yDB8FZOrR498lR5uWes=
RRSIG		SOA 5 2 3600 20191009174155 20191002143655 8970 comcast.com. Ek8scGbHdmR2nz/95MWvNLCmtnyRl1LgTbE+dXG3AQZQgTnHRMHxVG801o4LowVSmU8r6QoByhdPT2oKXTRDcxAqz1NkGDAjYcVcngTuMb5Juu7PgaZXaNGuqVA5nO9LBOka4M4cV7m2IYXgVZxxniVNRHqZjVrAb90eNhI4Rlc=
RRSIG		TXT 5 2 300 20191009174155 20191002143655 8970 comcast.com. n9q60Kib+rJ18bEJcZC1WsIEbyoIibnewI37GhuOUJdFnVVSf/R4eR3ouH2JVM0T4FNqnz1+Pn5eB/yAGLlmP2StR7qiFrJw1LQvQaWq8NpJD6/kQteCfDZP2XZkey2Q4nPbrODtbU1wyDkBJWFQ43Xbfzkm1+aHC1b/fIq2sLw=
SOA		dns101.comcast.net. domregtech.comcastonline.com.
