NS		ns-1137.awsdns-14.org.
NS		ns-1772.awsdns-29.co.uk.
NS		ns-387.awsdns-48.com.
NS		ns-888.awsdns-47.net.
SOA		ns-1137.awsdns-14.org. awsdns-hostmaster.amazon.com.
