A		72.163.4.185	redirect-ns.cisco.com.
AAAA		2001:420:1101:1::185
