RRSIG		A 5 2 120 20190901174153 20190825143653 8970 comcast.com. jZKLsC9m90U3Bp2GVmtaknAIZkfb5VuZMGFMTLxxADmOmhuHixw3+2jgoIxvvI3ZtKOFr1WhR/uSKnvLrHP9b1dFizQeDQlmHwpsUgk8KvxlxVu66XPcA3bdypdFHloFya4bIe4FIuHFsnataFbVZpI/KGejNz8S4rjeRLTcO1g=
RRSIG		DNSKEY 5 2 3600 20190901174153 20190825143653 8970 comcast.com. swUbjuAg3o6xhnL5n1PJA/7jk6/18/zoevUr/WFcfusDg87zLAe2mWu4xZ941xjcYv0WOm+j7lx6TBFINmh9z2dX6t0fkd28Io0FOoGke0OZKBk7lEr1iMi2RFWHPkGR2qT/cjteI11s2pMsiCBdvFf54OjX89fGgma2b8LynHg=
RRSIG		DNSKEY 5 2 3600 20191202144153 20190804104153 35356 comcast.com. TGD8XaNv3ErF+t6U5ZGhgLJJc8Twh85Nkp1YMpXGpSfzO27YgrWjErTTvduqt223eizbakOje7NcZNDlMBNEVFmR9jktQuQH/nqaQYSQ8bCtCmiMv+scr637JpRjnCqsKA0XPKA0yRho43PGH37GqFsYmLfrNzs7E1Mf8iBGFwP58wvFNbey2G3lAVt6DhOxfxAuoeO6DhHa+uoUm3ekvAOJnGUWQ+4D1SRcUnHDiVVSYwPzi9EPPbpZeDS3PVOMiIIm1WJBjhDan4sK5IaPc3A1+NI0+8reSKA6PED33a/GKG6DToY1XIK6M2rEdYOnEDzpJuZv6/8o1scyzJaxew==
RRSIG		MX 5 2 300 20190901174153 20190825143653 8970 comcast.com. woldMagj9swvWJOmWv9M8MJVjvJVG4Gfs66fd720due4RimrZf1vJF/btAeluF2oIig6dK+SOwuHVInWmFCeaO1lb58RW8XcfQdzdifjrHqAdoYLaSJ8AKRzPbQ5vIbLsuxDouQme9DyZQ5tbMxMuCOfLNt2dP16BIGXAchhOso=
RRSIG		NS 5 2 7200 20190901174153 20190825143653 8970 comcast.com. B/cF9lmmqlRwyadkSVUy4bQLerZr+r6Gc1HcGMfO97oObq0EizLWkXmB0SmA8lGn0a9Zmh1S9qOhPyeTVTSk6cjItdywr5Ric540lL7wlSLRUMA+2cwvYZT/gbuFtJjeHfmXJVU9RQJliZEPs4M8l2UCaANP/Q0xngkiSRzU72w=
RRSIG		NSEC 5 2 3600 20190901174153 20190825143653 8970 comcast.com. li9W7FwFrOVJYH4EFlD0yeU/woBW3JvOKGZKJQ2tGrmzoF+blz8C4ZY+K54T8hwp++Vsid/GItbZcRoQBgHFkwQQIoxgCij15VZA0JSjV8DcDw+W7oclORVoCnYOXMuamo2YXjQGaEaYdi9QNR7qs/cFsafIMSzI4WzlXpJ5a8E=
RRSIG		SOA 5 2 3600 20190901174153 20190825143653 8970 comcast.com. Jyzckv8/3YiwxIUjGROZeyzzTXHLkIYVv3ujAIVrR31QybbqsJ2+9ER3NE6V0PaegN7O67Lmqjau6hCe5oz54IGK9YL75KGGRW7Xu7EPlbJjYtOsSf/r9v3DipvOwUGi0tiiTW1/P4BxtBiLY5prB7KkQ2QDDwOonEF9Fk+fXk4=
RRSIG		TXT 5 2 300 20190901174153 20190825143653 8970 comcast.com. O2ANB5D+cvnOS4a95A8QaiTVAV+oTrV+M+72uqEBtIoIWGO7e4vFfzQRpuPo1AWkSLkXfquMByvlQz+gCR5Nay/NROYd8ilr8m9G7F/UfkYQkAv29F19FKfLDe76fVuKoodGhq7wJRQmwRYnfybN8oF5503PykHAG0ZbdUKBWW0=
SOA		dns101.comcast.net. domregtech.comcastonline.com.
