SOA		a.ns.openfusion.net.	hostmaster.openfusion.com.au.
TXT		keybase-site-verification=-yWLzlZIQt0nCQkBU6N-Wtap2CdUs6g1AdbxyD8HUu0
TXT		v=spf1 mx include:spf.iinet.net.au -all
