A		72.14.189.177
MX	0	profound.mail.pairserver.com.
