RRSIG		A 8 2 900 20190817160854 20190718160854 61569 publicdns.goog. EZ5r0vPt5sYpvKNGYu4fiudujV75b+Sp3lOzJAEnrVLNdYYG6aXX5fjQZI/MOxkn0GxUB8Ncw1peL5HTDXq30ZLuVoXDaYJF0tQvFJYItIdNPcPU5ak1XtisulHrAIJFs5h9+ZA2B/0GI28xqZMju+5UW4cCge+y+bu+iZg8jN4=
RRSIG		AAAA 8 2 900 20190817160854 20190718160854 61569 publicdns.goog. bN5JAt6vuCwCEzg10HuFLmiHS1zdYU9dKub7niQuNLEKicJaU4k4LHYU8fzm/AA7EDsYV5Iq0jW+SnOLp0KWjMLGxHbuvQSpRzmjxByfLfeFOgzxUfm8vwjSKeVcsZmjeYCQFbuNNjaGHkmSCpLleRrmpMPMpZ/fNY71a4ETkig=
RRSIG		CAA 8 2 900 20190817160854 20190718160854 61569 publicdns.goog. I4Sh96C15zLiBAiaQ5Km6URv+brLot4+2ka/mKPaBHF79faJZ/jC8mViGLH/MUPjHKAzqvt6WQPzlJjmKMMMwailssIuFpR+8t8lDGWuu0F6jd8EZVa5ib10W3EJZ1Um/6ImY9NSmtDGHGpzHSuB09D6iUngjJ6iwo7kexr015Y=
RRSIG		DNSKEY 8 2 86400 20190817160854 20190718160854 64474 publicdns.goog. jRppAlAc0zQPBX0nvWt68LFi/XkRzXn0PVeg738E58KIffQfQdImA1+v8uhUIud1es5QvgPUzY8u6mQhWIQrIyEkFvwa9U7NmrFpBW4B3zJwJYMTXXWHP6L6u8CwqRMYm46BOfWO3kGPY6BSafUtPFGxRqjhIVgQK7wdo20P4wjM5nX6nINi9GRzctUk4ehCM4P4zONMRBwaqnvylbHvT5paWa+E4v3dtOwiBZ3+KdtsOPXUjxk6FHPMU7/c9t7pniM/6Mo+2urxfvkv7C08oWi13IwJv2QJrnc7UnkMR2rviypfsCo8aKjbOBR4dTXR8SnLQoaZbKFZyZSD5Yu+zg==
RRSIG		NS 8 2 86400 20190817160854 20190718160854 61569 publicdns.goog. xwWxdd3jO0HCR/jBB3yA2WnMoegLiC+BjybizwQ7wij/L5+ukgvwNu+534uLW976KjNG4jQbM8tRRJ2KK3Ie5FT2yD/5Y808R8LL6jYPJCynpEL5MlAlbYtMEvSPEZPBis9hZKDIOXoMK67NrT0CGnaHKMc/ogxmIJYqTJjNAzk=
RRSIG		NSEC 8 2 300 20190817160854 20190718160854 61569 publicdns.goog. wodumId+iD1oLtphx0JR5rx3B9Kjj1nQ06kYbKilzTtjz+t1+MiSPMeH8oWjiCMnh5WU9lOselKxiJcnwGfIksaG9JFk7ytjQDOBK7QTYn/22dQVKR174j8RtxE14ATkwYBilyxf5nzhmBYgsqkYdpmGddsMKRahNeWRaCxtVkk=
RRSIG		SOA 8 2 21600 20190817160854 20190718160854 61569 publicdns.goog. KwQsaaK794t4Nds0tbGgngAxLhE8uHYSpE6qurGCmcj6uh8E7Nzv73gDca1CwX3XQUb8w6/wvLw8UiyT+CpobwEkpJO4k8eMlpt7kxqZ4CnRWaY7Q7GVb6vQ8UmwZWpsuCCfE+LiVX1gqBiKD6szjurrX76n6Za4M8PsDGpDK9E=
RRSIG		TXT 8 2 900 20190817160854 20190718160854 61569 publicdns.goog. IlJQ7+TVMvTvpYVnV4e4KYl+/EboxI8Kcn0HhdbBzRJPrOAc2MOUB+cQinluZrV9Q8Osst8wNrvElJ6huxA2QRbLrzuYLJ+iEO3lFUXEMNdYNd82XXlfjXmsbk2RWj9jnfuHjofBJJrlD66cqUuofrZrfHOJRWX4lG/dJnXPePU=
TXT		http://xkcd.com/1361/
TXT		v=spf1 -all
