NSEC		208.20.10.201.comcast.com. A NS SOA MX TXT RRSIG NSEC DNSKEY
SOA		dns101.comcast.net. domregtech.comcastonline.com.
