A		15.241.148.65	hpe.com. hpecomllb4.houston.hpe.com.
A		15.241.20.60	hpe.com. hpecomllb9.houston.hpe.com.
