A		72.14.189.177
MX	1	aspmx.l.google.com.
MX	10	alt3.aspmx.l.google.com.
MX	10	alt4.aspmx.l.google.com.
MX	5	alt1.aspmx.l.google.com.
MX	5	alt2.aspmx.l.google.com.
